C:\Users\VUser\Desktop\ProyectoFinalSE\implementation\system.ngc 1706101421
C:/Users/VUser/Desktop/ProyectoFinalSE/implementation/system_microblaze_0_wrapper.ngc 1706101333
C:/Users/VUser/Desktop/ProyectoFinalSE/implementation/system_plb_v46_0_wrapper.ngc 1706101333
C:/Users/VUser/Desktop/ProyectoFinalSE/implementation/system_bram_block_0_wrapper.ngc 1706101333
C:/Users/VUser/Desktop/ProyectoFinalSE/implementation/system_xps_gpio_leds_wrapper.ngc 1706101333
C:/Users/VUser/Desktop/ProyectoFinalSE/implementation/system_xps_gpio_switches_wrapper.ngc 1706101333
C:/Users/VUser/Desktop/ProyectoFinalSE/implementation/system_xps_uartlite_0_wrapper.ngc 1706101333
C:/Users/VUser/Desktop/ProyectoFinalSE/implementation/system_xps_bram_if_cntlr_0_wrapper.ngc 1706101333
C:/Users/VUser/Desktop/ProyectoFinalSE/implementation/system_pantalla_0_wrapper.ngc 1706101341
C:/Users/VUser/Desktop/ProyectoFinalSE/implementation/system_pantallalcd_0_wrapper.ngc 1706101351
C:/Users/VUser/Desktop/ProyectoFinalSE/implementation/system_tecladokeypad_0_wrapper.ngc 1706101357
C:/Users/VUser/Desktop/ProyectoFinalSE/implementation/system_ledsrgb_0_wrapper.ngc 1706101364
C:/Users/VUser/Desktop/ProyectoFinalSE/implementation/system_motor_hw_0_wrapper.ngc 1706101370
OK
