C:\Users\VUser\Desktop\Practica5SE\implementation\system.ngc 1702984625
C:/Users/VUser/Desktop/Practica5SE/implementation/system_microblaze_0_wrapper.ngc 1702984544
C:/Users/VUser/Desktop/Practica5SE/implementation/system_plb_v46_0_wrapper.ngc 1702984553
C:/Users/VUser/Desktop/Practica5SE/implementation/system_bram_block_0_wrapper.ngc 1702984544
C:/Users/VUser/Desktop/Practica5SE/implementation/system_xps_gpio_leds_wrapper.ngc 1702984544
C:/Users/VUser/Desktop/Practica5SE/implementation/system_xps_gpio_switches_wrapper.ngc 1702984544
C:/Users/VUser/Desktop/Practica5SE/implementation/system_xps_uartlite_0_wrapper.ngc 1702984544
C:/Users/VUser/Desktop/Practica5SE/implementation/system_xps_bram_if_cntlr_0_wrapper.ngc 1702984544
C:/Users/VUser/Desktop/Practica5SE/implementation/system_pantalla_0_wrapper.ngc 1702984561
C:/Users/VUser/Desktop/Practica5SE/implementation/system_pantallalcd_0_wrapper.ngc 1702984570
C:/Users/VUser/Desktop/Practica5SE/implementation/system_tecladokeypad_0_wrapper.ngc 1702984576
OK
